[2m2:59:06 pm[22m [31m[1m[vite][22m[39m [31mInternal server error: S:\hackthon project\src\components\HowItWorks.jsx: Unexpected token, expected "}" (12:7)

[0m [90m 10 |[31m [36mconst[31m steps [33m=[31m [
 [90m 11 |[31m   {
[31m[1m>[22m[31m[90m 12 |[31m     num[33m:[31m [32m'01'[31m[33m,[31m
 [90m    |[31m        [31m[1m^[22m[31m
 [90m 13 |[31m     title[33m:[31m [32m'Upload Resume or Search Role'[31m[33m,[31m
 [90m 14 |[31m     description[33m:[31m
 [90m 15 |[31m       [32m'Drop your PDF resume for instant AI analysis, or directly search any target tech role (e.g., Full Stack Developer).'[31m[33m,[31m[0m[39m
  Plugin: [35mvite:react-babel[39m
  File: [36mS:/hackthon project/src/components/HowItWorks.jsx[39m:12:7
[33m  10 |  const steps = [
  11 |    {
  12 |      num: '01',
     |         ^
  13 |      title: 'Upload Resume or Search Role',
  14 |      description:[39m
      at constructor (S:\hackthon project\node_modules\@babel\parser\lib\index.js:369:19)
      at JSXParserMixin.raise (S:\hackthon project\node_modules\@babel\parser\lib\index.js:6622:19)
      at JSXParserMixin.unexpected (S:\hackthon project\node_modules\@babel\parser\lib\index.js:6642:16)
      at JSXParserMixin.expect (S:\hackthon project\node_modules\@babel\parser\lib\index.js:6922:12)
      at JSXParserMixin.jsxParseExpressionContainer (S:\hackthon project\node_modules\@babel\parser\lib\index.js:4655:10)
      at JSXParserMixin.jsxParseElementAt (S:\hackthon project\node_modules\@babel\parser\lib\index.js:4729:36)
      at JSXParserMixin.jsxParseElement (S:\hackthon project\node_modules\@babel\parser\lib\index.js:4767:17)
      at JSXParserMixin.parseExprAtom (S:\hackthon project\node_modules\@babel\parser\lib\index.js:4777:19)
      at JSXParserMixin.parseExprSubscripts (S:\hackthon project\node_modules\@babel\parser\lib\index.js:11107:23)
      at JSXParserMixin.parseUpdate (S:\hackthon project\node_modules\@babel\parser\lib\index.js:11092:21)
      at JSXParserMixin.parseMaybeUnary (S:\hackthon project\node_modules\@babel\parser\lib\index.js:11072:23)
      at JSXParserMixin.parseMaybeUnaryOrPrivate (S:\hackthon project\node_modules\@babel\parser\lib\index.js:10925:61)
      at JSXParserMixin.parseExprOps (S:\hackthon project\node_modules\@babel\parser\lib\index.js:10930:23)
      at JSXParserMixin.parseMaybeConditional (S:\hackthon project\node_modules\@babel\parser\lib\index.js:10907:23)
      at JSXParserMixin.parseMaybeAssign (S:\hackthon project\node_modules\@babel\parser\lib\index.js:10857:21)
      at S:\hackthon project\node_modules\@babel\parser\lib\index.js:10826:39
      at JSXParserMixin.allowInAnd (S:\hackthon project\node_modules\@babel\parser\lib\index.js:12460:12)
      at JSXParserMixin.parseMaybeAssignAllowIn (S:\hackthon project\node_modules\@babel\parser\lib\index.js:10826:17)
      at JSXParserMixin.parseMaybeAssignAllowInOrVoidPattern (S:\hackthon project\node_modules\@babel\parser\lib\index.js:12527:17)
      at JSXParserMixin.parseParenAndDistinguishExpression (S:\hackthon project\node_modules\@babel\parser\lib\index.js:11706:28)
      at JSXParserMixin.parseExprAtom (S:\hackthon project\node_modules\@babel\parser\lib\index.js:11362:23)
      at JSXParserMixin.parseExprAtom (S:\hackthon project\node_modules\@babel\parser\lib\index.js:4782:20)
      at JSXParserMixin.parseExprSubscripts (S:\hackthon project\node_modules\@babel\parser\lib\index.js:11107:23)
      at JSXParserMixin.parseUpdate (S:\hackthon project\node_modules\@babel\parser\lib\index.js:11092:21)
      at JSXParserMixin.parseMaybeUnary (S:\hackthon project\node_modules\@babel\parser\lib\index.js:11072:23)
      at JSXParserMixin.parseMaybeUnaryOrPrivate (S:\hackthon project\node_modules\@babel\parser\lib\index.js:10925:61)
      at JSXParserMixin.parseExprOps (S:\hackthon project\node_modules\@babel\parser\lib\index.js:10930:23)
      at JSXParserMixin.parseMaybeConditional (S:\hackthon project\node_modules\@babel\parser\lib\index.js:10907:23)
      at JSXParserMixin.parseMaybeAssign (S:\hackthon project\node_modules\@babel\parser\lib\index.js:10857:21)
      at JSXParserMixin.parseFunctionBody (S:\hackthon project\node_modules\@babel\parser\lib\index.js:12127:24)
      at JSXParserMixin.parseArrowExpression (S:\hackthon project\node_modules\@babel\parser\lib\index.js:12109:10)
      at JSXParserMixin.parseParenAndDistinguishExpression (S:\hackthon project\node_modules\@babel\parser\lib\index.js:11718:12)
      at JSXParserMixin.parseExprAtom (S:\hackthon project\node_modules\@babel\parser\lib\index.js:11362:23)
      at JSXParserMixin.parseExprAtom (S:\hackthon project\node_modules\@babel\parser\lib\index.js:4782:20)
      at JSXParserMixin.parseExprSubscripts (S:\hackthon project\node_modules\@babel\parser\lib\index.js:11107:23)
      at JSXParserMixin.parseUpdate (S:\hackthon project\node_modules\@babel\parser\lib\index.js:11092:21)
      at JSXParserMixin.parseMaybeUnary (S:\hackthon project\node_modules\@babel\parser\lib\index.js:11072:23)
      at JSXParserMixin.parseMaybeUnaryOrPrivate (S:\hackthon project\node_modules\@babel\parser\lib\index.js:10925:61)
      at JSXParserMixin.parseExprOps (S:\hackthon project\node_modules\@babel\parser\lib\index.js:10930:23)
      at JSXParserMixin.parseMaybeConditional (S:\hackthon project\node_modules\@babel\parser\lib\index.js:10907:23)
      at JSXParserMixin.parseMaybeAssign (S:\hackthon project\node_modules\@babel\parser\lib\index.js:10857:21)
      at S:\hackthon project\node_modules\@babel\parser\lib\index.js:10826:39
      at JSXParserMixin.allowInAnd (S:\hackthon project\node_modules\@babel\parser\lib\index.js:12455:16)
      at JSXParserMixin.parseMaybeAssignAllowIn (S:\hackthon project\node_modules\@babel\parser\lib\index.js:10826:17)
      at JSXParserMixin.parseVar (S:\hackthon project\node_modules\@babel\parser\lib\index.js:13418:91)
      at JSXParserMixin.parseVarStatement (S:\hackthon project\node_modules\@babel\parser\lib\index.js:13264:10)
      at JSXParserMixin.parseStatementContent (S:\hackthon project\node_modules\@babel\parser\lib\index.js:12885:23)
      at JSXParserMixin.parseStatementLike (S:\hackthon project\node_modules\@babel\parser\lib\index.js:12801:17)
      at JSXParserMixin.parseModuleItem (S:\hackthon project\node_modules\@babel\parser\lib\index.js:12778:17)
      at JSXParserMixin.parseBlockOrModuleBlockBody (S:\hackthon project\node_modules\@babel\parser\lib\index.js:13350:36)
[2m2:59:06 pm[22m [31m[1m[vite][22m[39m [31m[2m(client)[22m[39m Pre-transform error: S:\hackthon project\src\components\HowItWorks.jsx: Unexpected token, expected "}" (12:7)

[0m [90m 10 |[39m [36mconst[39m steps [33m=[39m [
 [90m 11 |[39m   {
[31m[1m>[22m[39m[90m 12 |[39m     num[33m:[39m [32m'01'[39m[33m,[39m
 [90m    |[39m        [31m[1m^[22m[39m
 [90m 13 |[39m     title[33m:[39m [32m'Upload Resume or Search Role'[39m[33m,[39m
 [90m 14 |[39m     description[33m:[39m
 [90m 15 |[39m       [32m'Drop your PDF resume for instant AI analysis, or directly search any target tech role (e.g., Full Stack Developer).'[39m[33m,[39m[0m
  Plugin: [35mvite:react-babel[39m
  File: [36mS:/hackthon project/src/components/HowItWorks.jsx[39m:12:7
[33m  10 |  const steps = [
  11 |    {
  12 |      num: '01',
     |         ^
  13 |      title: 'Upload Resume or Search Role',
  14 |      description:[39m
[2m2:59:18 pm[22m [31m[1m[vite][22m[39m [31mInternal server error: S:\hackthon project\src\components\HowItWorks.jsx: Unexpected token, expected "}" (12:7)

[0m [90m 10 |[31m [36mconst[31m steps [33m=[31m [
 [90m 11 |[31m   {
[31m[1m>[22m[31m[90m 12 |[31m     num[33m:[31m [32m'01'[31m[33m,[31m
 [90m    |[31m        [31m[1m^[22m[31m
 [90m 13 |[31m     title[33m:[31m [32m'Upload Resume or Search Role'[31m[33m,[31m
 [90m 14 |[31m     description[33m:[31m
 [90m 15 |[31m       [32m'Drop your PDF resume for instant AI analysis, or directly search any target tech role (e.g., Full Stack Developer).'[31m[33m,[31m[0m[39m
  Plugin: [35mvite:react-babel[39m
  File: [36mS:/hackthon project/src/components/HowItWorks.jsx[39m:12:7
[33m  10 |  const steps = [
  11 |    {
  12 |      num: '01',
     |         ^
  13 |      title: 'Upload Resume or Search Role',
  14 |      description:[39m
      at constructor (S:\hackthon project\node_modules\@babel\parser\lib\index.js:369:19)
      at JSXParserMixin.raise (S:\hackthon project\node_modules\@babel\parser\lib\index.js:6622:19)
      at JSXParserMixin.unexpected (S:\hackthon project\node_modules\@babel\parser\lib\index.js:6642:16)
      at JSXParserMixin.expect (S:\hackthon project\node_modules\@babel\parser\lib\index.js:6922:12)
      at JSXParserMixin.jsxParseExpressionContainer (S:\hackthon project\node_modules\@babel\parser\lib\index.js:4655:10)
      at JSXParserMixin.jsxParseElementAt (S:\hackthon project\node_modules\@babel\parser\lib\index.js:4729:36)
      at JSXParserMixin.jsxParseElement (S:\hackthon project\node_modules\@babel\parser\lib\index.js:4767:17)
      at JSXParserMixin.parseExprAtom (S:\hackthon project\node_modules\@babel\parser\lib\index.js:4777:19)
      at JSXParserMixin.parseExprSubscripts (S:\hackthon project\node_modules\@babel\parser\lib\index.js:11107:23)
      at JSXParserMixin.parseUpdate (S:\hackthon project\node_modules\@babel\parser\lib\index.js:11092:21)
      at JSXParserMixin.parseMaybeUnary (S:\hackthon project\node_modules\@babel\parser\lib\index.js:11072:23)
      at JSXParserMixin.parseMaybeUnaryOrPrivate (S:\hackthon project\node_modules\@babel\parser\lib\index.js:10925:61)
      at JSXParserMixin.parseExprOps (S:\hackthon project\node_modules\@babel\parser\lib\index.js:10930:23)
      at JSXParserMixin.parseMaybeConditional (S:\hackthon project\node_modules\@babel\parser\lib\index.js:10907:23)
      at JSXParserMixin.parseMaybeAssign (S:\hackthon project\node_modules\@babel\parser\lib\index.js:10857:21)
      at S:\hackthon project\node_modules\@babel\parser\lib\index.js:10826:39
      at JSXParserMixin.allowInAnd (S:\hackthon project\node_modules\@babel\parser\lib\index.js:12460:12)
      at JSXParserMixin.parseMaybeAssignAllowIn (S:\hackthon project\node_modules\@babel\parser\lib\index.js:10826:17)
      at JSXParserMixin.parseMaybeAssignAllowInOrVoidPattern (S:\hackthon project\node_modules\@babel\parser\lib\index.js:12527:17)
      at JSXParserMixin.parseParenAndDistinguishExpression (S:\hackthon project\node_modules\@babel\parser\lib\index.js:11706:28)
      at JSXParserMixin.parseExprAtom (S:\hackthon project\node_modules\@babel\parser\lib\index.js:11362:23)
      at JSXParserMixin.parseExprAtom (S:\hackthon project\node_modules\@babel\parser\lib\index.js:4782:20)
      at JSXParserMixin.parseExprSubscripts (S:\hackthon project\node_modules\@babel\parser\lib\index.js:11107:23)
      at JSXParserMixin.parseUpdate (S:\hackthon project\node_modules\@babel\parser\lib\index.js:11092:21)
      at JSXParserMixin.parseMaybeUnary (S:\hackthon project\node_modules\@babel\parser\lib\index.js:11072:23)
      at JSXParserMixin.parseMaybeUnaryOrPrivate (S:\hackthon project\node_modules\@babel\parser\lib\index.js:10925:61)
      at JSXParserMixin.parseExprOps (S:\hackthon project\node_modules\@babel\parser\lib\index.js:10930:23)
      at JSXParserMixin.parseMaybeConditional (S:\hackthon project\node_modules\@babel\parser\lib\index.js:10907:23)
      at JSXParserMixin.parseMaybeAssign (S:\hackthon project\node_modules\@babel\parser\lib\index.js:10857:21)
      at JSXParserMixin.parseFunctionBody (S:\hackthon project\node_modules\@babel\parser\lib\index.js:12127:24)
      at JSXParserMixin.parseArrowExpression (S:\hackthon project\node_modules\@babel\parser\lib\index.js:12109:10)
      at JSXParserMixin.parseParenAndDistinguishExpression (S:\hackthon project\node_modules\@babel\parser\lib\index.js:11718:12)
      at JSXParserMixin.parseExprAtom (S:\hackthon project\node_modules\@babel\parser\lib\index.js:11362:23)
      at JSXParserMixin.parseExprAtom (S:\hackthon project\node_modules\@babel\parser\lib\index.js:4782:20)
      at JSXParserMixin.parseExprSubscripts (S:\hackthon project\node_modules\@babel\parser\lib\index.js:11107:23)
      at JSXParserMixin.parseUpdate (S:\hackthon project\node_modules\@babel\parser\lib\index.js:11092:21)
      at JSXParserMixin.parseMaybeUnary (S:\hackthon project\node_modules\@babel\parser\lib\index.js:11072:23)
      at JSXParserMixin.parseMaybeUnaryOrPrivate (S:\hackthon project\node_modules\@babel\parser\lib\index.js:10925:61)
      at JSXParserMixin.parseExprOps (S:\hackthon project\node_modules\@babel\parser\lib\index.js:10930:23)
      at JSXParserMixin.parseMaybeConditional (S:\hackthon project\node_modules\@babel\parser\lib\index.js:10907:23)
      at JSXParserMixin.parseMaybeAssign (S:\hackthon project\node_modules\@babel\parser\lib\index.js:10857:21)
      at S:\hackthon project\node_modules\@babel\parser\lib\index.js:10826:39
      at JSXParserMixin.allowInAnd (S:\hackthon project\node_modules\@babel\parser\lib\index.js:12455:16)
      at JSXParserMixin.parseMaybeAssignAllowIn (S:\hackthon project\node_modules\@babel\parser\lib\index.js:10826:17)
      at JSXParserMixin.parseVar (S:\hackthon project\node_modules\@babel\parser\lib\index.js:13418:91)
      at JSXParserMixin.parseVarStatement (S:\hackthon project\node_modules\@babel\parser\lib\index.js:13264:10)
      at JSXParserMixin.parseStatementContent (S:\hackthon project\node_modules\@babel\parser\lib\index.js:12885:23)
      at JSXParserMixin.parseStatementLike (S:\hackthon project\node_modules\@babel\parser\lib\index.js:12801:17)
      at JSXParserMixin.parseModuleItem (S:\hackthon project\node_modules\@babel\parser\lib\index.js:12778:17)
      at JSXParserMixin.parseBlockOrModuleBlockBody (S:\hackthon project\node_modules\@babel\parser\lib\index.js:13350:36)
[2m2:59:21 pm[22m [31m[1m[vite][22m[39m [31mInternal server error: S:\hackthon project\src\components\HowItWorks.jsx: Unexpected token, expected "}" (12:7)

[0m [90m 10 |[31m [36mconst[31m steps [33m=[31m [
 [90m 11 |[31m   {
[31m[1m>[22m[31m[90m 12 |[31m     num[33m:[31m [32m'01'[31m[33m,[31m
 [90m    |[31m        [31m[1m^[22m[31m
 [90m 13 |[31m     title[33m:[31m [32m'Upload Resume or Search Role'[31m[33m,[31m
 [90m 14 |[31m     description[33m:[31m
 [90m 15 |[31m       [32m'Drop your PDF resume for instant AI analysis, or directly search any target tech role (e.g., Full Stack Developer).'[31m[33m,[31m[0m[39m
  Plugin: [35mvite:react-babel[39m
  File: [36mS:/hackthon project/src/components/HowItWorks.jsx[39m:12:7
[33m  10 |  const steps = [
  11 |    {
  12 |      num: '01',
     |         ^
  13 |      title: 'Upload Resume or Search Role',
  14 |      description:[39m
      at constructor (S:\hackthon project\node_modules\@babel\parser\lib\index.js:369:19)
      at JSXParserMixin.raise (S:\hackthon project\node_modules\@babel\parser\lib\index.js:6622:19)
      at JSXParserMixin.unexpected (S:\hackthon project\node_modules\@babel\parser\lib\index.js:6642:16)
      at JSXParserMixin.expect (S:\hackthon project\node_modules\@babel\parser\lib\index.js:6922:12)
      at JSXParserMixin.jsxParseExpressionContainer (S:\hackthon project\node_modules\@babel\parser\lib\index.js:4655:10)
      at JSXParserMixin.jsxParseElementAt (S:\hackthon project\node_modules\@babel\parser\lib\index.js:4729:36)
      at JSXParserMixin.jsxParseElement (S:\hackthon project\node_modules\@babel\parser\lib\index.js:4767:17)
      at JSXParserMixin.parseExprAtom (S:\hackthon project\node_modules\@babel\parser\lib\index.js:4777:19)
      at JSXParserMixin.parseExprSubscripts (S:\hackthon project\node_modules\@babel\parser\lib\index.js:11107:23)
      at JSXParserMixin.parseUpdate (S:\hackthon project\node_modules\@babel\parser\lib\index.js:11092:21)
      at JSXParserMixin.parseMaybeUnary (S:\hackthon project\node_modules\@babel\parser\lib\index.js:11072:23)
      at JSXParserMixin.parseMaybeUnaryOrPrivate (S:\hackthon project\node_modules\@babel\parser\lib\index.js:10925:61)
      at JSXParserMixin.parseExprOps (S:\hackthon project\node_modules\@babel\parser\lib\index.js:10930:23)
      at JSXParserMixin.parseMaybeConditional (S:\hackthon project\node_modules\@babel\parser\lib\index.js:10907:23)
      at JSXParserMixin.parseMaybeAssign (S:\hackthon project\node_modules\@babel\parser\lib\index.js:10857:21)
      at S:\hackthon project\node_modules\@babel\parser\lib\index.js:10826:39
      at JSXParserMixin.allowInAnd (S:\hackthon project\node_modules\@babel\parser\lib\index.js:12460:12)
      at JSXParserMixin.parseMaybeAssignAllowIn (S:\hackthon project\node_modules\@babel\parser\lib\index.js:10826:17)
      at JSXParserMixin.parseMaybeAssignAllowInOrVoidPattern (S:\hackthon project\node_modules\@babel\parser\lib\index.js:12527:17)
      at JSXParserMixin.parseParenAndDistinguishExpression (S:\hackthon project\node_modules\@babel\parser\lib\index.js:11706:28)
      at JSXParserMixin.parseExprAtom (S:\hackthon project\node_modules\@babel\parser\lib\index.js:11362:23)
      at JSXParserMixin.parseExprAtom (S:\hackthon project\node_modules\@babel\parser\lib\index.js:4782:20)
      at JSXParserMixin.parseExprSubscripts (S:\hackthon project\node_modules\@babel\parser\lib\index.js:11107:23)
      at JSXParserMixin.parseUpdate (S:\hackthon project\node_modules\@babel\parser\lib\index.js:11092:21)
      at JSXParserMixin.parseMaybeUnary (S:\hackthon project\node_modules\@babel\parser\lib\index.js:11072:23)
      at JSXParserMixin.parseMaybeUnaryOrPrivate (S:\hackthon project\node_modules\@babel\parser\lib\index.js:10925:61)
      at JSXParserMixin.parseExprOps (S:\hackthon project\node_modules\@babel\parser\lib\index.js:10930:23)
      at JSXParserMixin.parseMaybeConditional (S:\hackthon project\node_modules\@babel\parser\lib\index.js:10907:23)
      at JSXParserMixin.parseMaybeAssign (S:\hackthon project\node_modules\@babel\parser\lib\index.js:10857:21)
      at JSXParserMixin.parseFunctionBody (S:\hackthon project\node_modules\@babel\parser\lib\index.js:12127:24)
      at JSXParserMixin.parseArrowExpression (S:\hackthon project\node_modules\@babel\parser\lib\index.js:12109:10)
      at JSXParserMixin.parseParenAndDistinguishExpression (S:\hackthon project\node_modules\@babel\parser\lib\index.js:11718:12)
      at JSXParserMixin.parseExprAtom (S:\hackthon project\node_modules\@babel\parser\lib\index.js:11362:23)
      at JSXParserMixin.parseExprAtom (S:\hackthon project\node_modules\@babel\parser\lib\index.js:4782:20)
      at JSXParserMixin.parseExprSubscripts (S:\hackthon project\node_modules\@babel\parser\lib\index.js:11107:23)
      at JSXParserMixin.parseUpdate (S:\hackthon project\node_modules\@babel\parser\lib\index.js:11092:21)
      at JSXParserMixin.parseMaybeUnary (S:\hackthon project\node_modules\@babel\parser\lib\index.js:11072:23)
      at JSXParserMixin.parseMaybeUnaryOrPrivate (S:\hackthon project\node_modules\@babel\parser\lib\index.js:10925:61)
      at JSXParserMixin.parseExprOps (S:\hackthon project\node_modules\@babel\parser\lib\index.js:10930:23)
      at JSXParserMixin.parseMaybeConditional (S:\hackthon project\node_modules\@babel\parser\lib\index.js:10907:23)
      at JSXParserMixin.parseMaybeAssign (S:\hackthon project\node_modules\@babel\parser\lib\index.js:10857:21)
      at S:\hackthon project\node_modules\@babel\parser\lib\index.js:10826:39
      at JSXParserMixin.allowInAnd (S:\hackthon project\node_modules\@babel\parser\lib\index.js:12455:16)
      at JSXParserMixin.parseMaybeAssignAllowIn (S:\hackthon project\node_modules\@babel\parser\lib\index.js:10826:17)
      at JSXParserMixin.parseVar (S:\hackthon project\node_modules\@babel\parser\lib\index.js:13418:91)
      at JSXParserMixin.parseVarStatement (S:\hackthon project\node_modules\@babel\parser\lib\index.js:13264:10)
      at JSXParserMixin.parseStatementContent (S:\hackthon project\node_modules\@babel\parser\lib\index.js:12885:23)
      at JSXParserMixin.parseStatementLike (S:\hackthon project\node_modules\@babel\parser\lib\index.js:12801:17)
      at JSXParserMixin.parseModuleItem (S:\hackthon project\node_modules\@babel\parser\lib\index.js:12778:17)
      at JSXParserMixin.parseBlockOrModuleBlockBody (S:\hackthon project\node_modules\@babel\parser\lib\index.js:13350:36)
[2m3:00:26 pm[22m [31m[1m[vite][22m[39m [31mInternal server error: S:\hackthon project\src\components\HowItWorks.jsx: Unexpected token, expected "}" (12:7)

[0m [90m 10 |[31m [36mconst[31m steps [33m=[31m [
 [90m 11 |[31m   {
[31m[1m>[22m[31m[90m 12 |[31m     num[33m:[31m [32m'01'[31m[33m,[31m
 [90m    |[31m        [31m[1m^[22m[31m
 [90m 13 |[31m     title[33m:[31m [32m'Upload Resume or Search Role'[31m[33m,[31m
 [90m 14 |[31m     description[33m:[31m
 [90m 15 |[31m       [32m'Drop your PDF resume for instant AI analysis, or directly search any target tech role (e.g., Full Stack Developer).'[31m[33m,[31m[0m[39m
  Plugin: [35mvite:react-babel[39m
  File: [36mS:/hackthon project/src/components/HowItWorks.jsx[39m:12:7
[33m  10 |  const steps = [
  11 |    {
  12 |      num: '01',
     |         ^
  13 |      title: 'Upload Resume or Search Role',
  14 |      description:[39m
      at constructor (S:\hackthon project\node_modules\@babel\parser\lib\index.js:369:19)
      at JSXParserMixin.raise (S:\hackthon project\node_modules\@babel\parser\lib\index.js:6622:19)
      at JSXParserMixin.unexpected (S:\hackthon project\node_modules\@babel\parser\lib\index.js:6642:16)
      at JSXParserMixin.expect (S:\hackthon project\node_modules\@babel\parser\lib\index.js:6922:12)
      at JSXParserMixin.jsxParseExpressionContainer (S:\hackthon project\node_modules\@babel\parser\lib\index.js:4655:10)
      at JSXParserMixin.jsxParseElementAt (S:\hackthon project\node_modules\@babel\parser\lib\index.js:4729:36)
      at JSXParserMixin.jsxParseElement (S:\hackthon project\node_modules\@babel\parser\lib\index.js:4767:17)
      at JSXParserMixin.parseExprAtom (S:\hackthon project\node_modules\@babel\parser\lib\index.js:4777:19)
      at JSXParserMixin.parseExprSubscripts (S:\hackthon project\node_modules\@babel\parser\lib\index.js:11107:23)
      at JSXParserMixin.parseUpdate (S:\hackthon project\node_modules\@babel\parser\lib\index.js:11092:21)
      at JSXParserMixin.parseMaybeUnary (S:\hackthon project\node_modules\@babel\parser\lib\index.js:11072:23)
      at JSXParserMixin.parseMaybeUnaryOrPrivate (S:\hackthon project\node_modules\@babel\parser\lib\index.js:10925:61)
      at JSXParserMixin.parseExprOps (S:\hackthon project\node_modules\@babel\parser\lib\index.js:10930:23)
      at JSXParserMixin.parseMaybeConditional (S:\hackthon project\node_modules\@babel\parser\lib\index.js:10907:23)
      at JSXParserMixin.parseMaybeAssign (S:\hackthon project\node_modules\@babel\parser\lib\index.js:10857:21)
      at S:\hackthon project\node_modules\@babel\parser\lib\index.js:10826:39
      at JSXParserMixin.allowInAnd (S:\hackthon project\node_modules\@babel\parser\lib\index.js:12460:12)
      at JSXParserMixin.parseMaybeAssignAllowIn (S:\hackthon project\node_modules\@babel\parser\lib\index.js:10826:17)
      at JSXParserMixin.parseMaybeAssignAllowInOrVoidPattern (S:\hackthon project\node_modules\@babel\parser\lib\index.js:12527:17)
      at JSXParserMixin.parseParenAndDistinguishExpression (S:\hackthon project\node_modules\@babel\parser\lib\index.js:11706:28)
      at JSXParserMixin.parseExprAtom (S:\hackthon project\node_modules\@babel\parser\lib\index.js:11362:23)
      at JSXParserMixin.parseExprAtom (S:\hackthon project\node_modules\@babel\parser\lib\index.js:4782:20)
      at JSXParserMixin.parseExprSubscripts (S:\hackthon project\node_modules\@babel\parser\lib\index.js:11107:23)
      at JSXParserMixin.parseUpdate (S:\hackthon project\node_modules\@babel\parser\lib\index.js:11092:21)
      at JSXParserMixin.parseMaybeUnary (S:\hackthon project\node_modules\@babel\parser\lib\index.js:11072:23)
      at JSXParserMixin.parseMaybeUnaryOrPrivate (S:\hackthon project\node_modules\@babel\parser\lib\index.js:10925:61)
      at JSXParserMixin.parseExprOps (S:\hackthon project\node_modules\@babel\parser\lib\index.js:10930:23)
      at JSXParserMixin.parseMaybeConditional (S:\hackthon project\node_modules\@babel\parser\lib\index.js:10907:23)
      at JSXParserMixin.parseMaybeAssign (S:\hackthon project\node_modules\@babel\parser\lib\index.js:10857:21)
      at JSXParserMixin.parseFunctionBody (S:\hackthon project\node_modules\@babel\parser\lib\index.js:12127:24)
      at JSXParserMixin.parseArrowExpression (S:\hackthon project\node_modules\@babel\parser\lib\index.js:12109:10)
      at JSXParserMixin.parseParenAndDistinguishExpression (S:\hackthon project\node_modules\@babel\parser\lib\index.js:11718:12)
      at JSXParserMixin.parseExprAtom (S:\hackthon project\node_modules\@babel\parser\lib\index.js:11362:23)
      at JSXParserMixin.parseExprAtom (S:\hackthon project\node_modules\@babel\parser\lib\index.js:4782:20)
      at JSXParserMixin.parseExprSubscripts (S:\hackthon project\node_modules\@babel\parser\lib\index.js:11107:23)
      at JSXParserMixin.parseUpdate (S:\hackthon project\node_modules\@babel\parser\lib\index.js:11092:21)
      at JSXParserMixin.parseMaybeUnary (S:\hackthon project\node_modules\@babel\parser\lib\index.js:11072:23)
      at JSXParserMixin.parseMaybeUnaryOrPrivate (S:\hackthon project\node_modules\@babel\parser\lib\index.js:10925:61)
      at JSXParserMixin.parseExprOps (S:\hackthon project\node_modules\@babel\parser\lib\index.js:10930:23)
      at JSXParserMixin.parseMaybeConditional (S:\hackthon project\node_modules\@babel\parser\lib\index.js:10907:23)
      at JSXParserMixin.parseMaybeAssign (S:\hackthon project\node_modules\@babel\parser\lib\index.js:10857:21)
      at S:\hackthon project\node_modules\@babel\parser\lib\index.js:10826:39
      at JSXParserMixin.allowInAnd (S:\hackthon project\node_modules\@babel\parser\lib\index.js:12455:16)
      at JSXParserMixin.parseMaybeAssignAllowIn (S:\hackthon project\node_modules\@babel\parser\lib\index.js:10826:17)
      at JSXParserMixin.parseVar (S:\hackthon project\node_modules\@babel\parser\lib\index.js:13418:91)
      at JSXParserMixin.parseVarStatement (S:\hackthon project\node_modules\@babel\parser\lib\index.js:13264:10)
      at JSXParserMixin.parseStatementContent (S:\hackthon project\node_modules\@babel\parser\lib\index.js:12885:23)
      at JSXParserMixin.parseStatementLike (S:\hackthon project\node_modules\@babel\parser\lib\index.js:12801:17)
      at JSXParserMixin.parseModuleItem (S:\hackthon project\node_modules\@babel\parser\lib\index.js:12778:17)
      at JSXParserMixin.parseBlockOrModuleBlockBody (S:\hackthon project\node_modules\@babel\parser\lib\index.js:13350:36)
[2m3:00:28 pm[22m [31m[1m[vite][22m[39m [31mInternal server error: S:\hackthon project\src\components\HowItWorks.jsx: Unexpected token, expected "}" (12:7)

[0m [90m 10 |[31m [36mconst[31m steps [33m=[31m [
 [90m 11 |[31m   {
[31m[1m>[22m[31m[90m 12 |[31m     num[33m:[31m [32m'01'[31m[33m,[31m
 [90m    |[31m        [31m[1m^[22m[31m
 [90m 13 |[31m     title[33m:[31m [32m'Upload Resume or Search Role'[31m[33m,[31m
 [90m 14 |[31m     description[33m:[31m
 [90m 15 |[31m       [32m'Drop your PDF resume for instant AI analysis, or directly search any target tech role (e.g., Full Stack Developer).'[31m[33m,[31m[0m[39m
  Plugin: [35mvite:react-babel[39m
  File: [36mS:/hackthon project/src/components/HowItWorks.jsx[39m:12:7
[33m  10 |  const steps = [
  11 |    {
  12 |      num: '01',
     |         ^
  13 |      title: 'Upload Resume or Search Role',
  14 |      description:[39m
      at constructor (S:\hackthon project\node_modules\@babel\parser\lib\index.js:369:19)
      at JSXParserMixin.raise (S:\hackthon project\node_modules\@babel\parser\lib\index.js:6622:19)
      at JSXParserMixin.unexpected (S:\hackthon project\node_modules\@babel\parser\lib\index.js:6642:16)
      at JSXParserMixin.expect (S:\hackthon project\node_modules\@babel\parser\lib\index.js:6922:12)
      at JSXParserMixin.jsxParseExpressionContainer (S:\hackthon project\node_modules\@babel\parser\lib\index.js:4655:10)
      at JSXParserMixin.jsxParseElementAt (S:\hackthon project\node_modules\@babel\parser\lib\index.js:4729:36)
      at JSXParserMixin.jsxParseElement (S:\hackthon project\node_modules\@babel\parser\lib\index.js:4767:17)
      at JSXParserMixin.parseExprAtom (S:\hackthon project\node_modules\@babel\parser\lib\index.js:4777:19)
      at JSXParserMixin.parseExprSubscripts (S:\hackthon project\node_modules\@babel\parser\lib\index.js:11107:23)
      at JSXParserMixin.parseUpdate (S:\hackthon project\node_modules\@babel\parser\lib\index.js:11092:21)
      at JSXParserMixin.parseMaybeUnary (S:\hackthon project\node_modules\@babel\parser\lib\index.js:11072:23)
      at JSXParserMixin.parseMaybeUnaryOrPrivate (S:\hackthon project\node_modules\@babel\parser\lib\index.js:10925:61)
      at JSXParserMixin.parseExprOps (S:\hackthon project\node_modules\@babel\parser\lib\index.js:10930:23)
      at JSXParserMixin.parseMaybeConditional (S:\hackthon project\node_modules\@babel\parser\lib\index.js:10907:23)
      at JSXParserMixin.parseMaybeAssign (S:\hackthon project\node_modules\@babel\parser\lib\index.js:10857:21)
      at S:\hackthon project\node_modules\@babel\parser\lib\index.js:10826:39
      at JSXParserMixin.allowInAnd (S:\hackthon project\node_modules\@babel\parser\lib\index.js:12460:12)
      at JSXParserMixin.parseMaybeAssignAllowIn (S:\hackthon project\node_modules\@babel\parser\lib\index.js:10826:17)
      at JSXParserMixin.parseMaybeAssignAllowInOrVoidPattern (S:\hackthon project\node_modules\@babel\parser\lib\index.js:12527:17)
      at JSXParserMixin.parseParenAndDistinguishExpression (S:\hackthon project\node_modules\@babel\parser\lib\index.js:11706:28)
      at JSXParserMixin.parseExprAtom (S:\hackthon project\node_modules\@babel\parser\lib\index.js:11362:23)
      at JSXParserMixin.parseExprAtom (S:\hackthon project\node_modules\@babel\parser\lib\index.js:4782:20)
      at JSXParserMixin.parseExprSubscripts (S:\hackthon project\node_modules\@babel\parser\lib\index.js:11107:23)
      at JSXParserMixin.parseUpdate (S:\hackthon project\node_modules\@babel\parser\lib\index.js:11092:21)
      at JSXParserMixin.parseMaybeUnary (S:\hackthon project\node_modules\@babel\parser\lib\index.js:11072:23)
      at JSXParserMixin.parseMaybeUnaryOrPrivate (S:\hackthon project\node_modules\@babel\parser\lib\index.js:10925:61)
      at JSXParserMixin.parseExprOps (S:\hackthon project\node_modules\@babel\parser\lib\index.js:10930:23)
      at JSXParserMixin.parseMaybeConditional (S:\hackthon project\node_modules\@babel\parser\lib\index.js:10907:23)
      at JSXParserMixin.parseMaybeAssign (S:\hackthon project\node_modules\@babel\parser\lib\index.js:10857:21)
      at JSXParserMixin.parseFunctionBody (S:\hackthon project\node_modules\@babel\parser\lib\index.js:12127:24)
      at JSXParserMixin.parseArrowExpression (S:\hackthon project\node_modules\@babel\parser\lib\index.js:12109:10)
      at JSXParserMixin.parseParenAndDistinguishExpression (S:\hackthon project\node_modules\@babel\parser\lib\index.js:11718:12)
      at JSXParserMixin.parseExprAtom (S:\hackthon project\node_modules\@babel\parser\lib\index.js:11362:23)
      at JSXParserMixin.parseExprAtom (S:\hackthon project\node_modules\@babel\parser\lib\index.js:4782:20)
      at JSXParserMixin.parseExprSubscripts (S:\hackthon project\node_modules\@babel\parser\lib\index.js:11107:23)
      at JSXParserMixin.parseUpdate (S:\hackthon project\node_modules\@babel\parser\lib\index.js:11092:21)
      at JSXParserMixin.parseMaybeUnary (S:\hackthon project\node_modules\@babel\parser\lib\index.js:11072:23)
      at JSXParserMixin.parseMaybeUnaryOrPrivate (S:\hackthon project\node_modules\@babel\parser\lib\index.js:10925:61)
      at JSXParserMixin.parseExprOps (S:\hackthon project\node_modules\@babel\parser\lib\index.js:10930:23)
      at JSXParserMixin.parseMaybeConditional (S:\hackthon project\node_modules\@babel\parser\lib\index.js:10907:23)
      at JSXParserMixin.parseMaybeAssign (S:\hackthon project\node_modules\@babel\parser\lib\index.js:10857:21)
      at S:\hackthon project\node_modules\@babel\parser\lib\index.js:10826:39
      at JSXParserMixin.allowInAnd (S:\hackthon project\node_modules\@babel\parser\lib\index.js:12455:16)
      at JSXParserMixin.parseMaybeAssignAllowIn (S:\hackthon project\node_modules\@babel\parser\lib\index.js:10826:17)
      at JSXParserMixin.parseVar (S:\hackthon project\node_modules\@babel\parser\lib\index.js:13418:91)
      at JSXParserMixin.parseVarStatement (S:\hackthon project\node_modules\@babel\parser\lib\index.js:13264:10)
      at JSXParserMixin.parseStatementContent (S:\hackthon project\node_modules\@babel\parser\lib\index.js:12885:23)
      at JSXParserMixin.parseStatementLike (S:\hackthon project\node_modules\@babel\parser\lib\index.js:12801:17)
      at JSXParserMixin.parseModuleItem (S:\hackthon project\node_modules\@babel\parser\lib\index.js:12778:17)
      at JSXParserMixin.parseBlockOrModuleBlockBody (S:\hackthon project\node_modules\@babel\parser\lib\index.js:13350:36)
[2m3:00:29 pm[22m [31m[1m[vite][22m[39m [31mInternal server error: S:\hackthon project\src\components\HowItWorks.jsx: Unexpected token, expected "}" (12:7)

[0m [90m 10 |[31m [36mconst[31m steps [33m=[31m [
 [90m 11 |[31m   {
[31m[1m>[22m[31m[90m 12 |[31m     num[33m:[31m [32m'01'[31m[33m,[31m
 [90m    |[31m        [31m[1m^[22m[31m
 [90m 13 |[31m     title[33m:[31m [32m'Upload Resume or Search Role'[31m[33m,[31m
 [90m 14 |[31m     description[33m:[31m
 [90m 15 |[31m       [32m'Drop your PDF resume for instant AI analysis, or directly search any target tech role (e.g., Full Stack Developer).'[31m[33m,[31m[0m[39m
  Plugin: [35mvite:react-babel[39m
  File: [36mS:/hackthon project/src/components/HowItWorks.jsx[39m:12:7
[33m  10 |  const steps = [
  11 |    {
  12 |      num: '01',
     |         ^
  13 |      title: 'Upload Resume or Search Role',
  14 |      description:[39m
      at constructor (S:\hackthon project\node_modules\@babel\parser\lib\index.js:369:19)
      at JSXParserMixin.raise (S:\hackthon project\node_modules\@babel\parser\lib\index.js:6622:19)
      at JSXParserMixin.unexpected (S:\hackthon project\node_modules\@babel\parser\lib\index.js:6642:16)
      at JSXParserMixin.expect (S:\hackthon project\node_modules\@babel\parser\lib\index.js:6922:12)
      at JSXParserMixin.jsxParseExpressionContainer (S:\hackthon project\node_modules\@babel\parser\lib\index.js:4655:10)
      at JSXParserMixin.jsxParseElementAt (S:\hackthon project\node_modules\@babel\parser\lib\index.js:4729:36)
      at JSXParserMixin.jsxParseElement (S:\hackthon project\node_modules\@babel\parser\lib\index.js:4767:17)
      at JSXParserMixin.parseExprAtom (S:\hackthon project\node_modules\@babel\parser\lib\index.js:4777:19)
      at JSXParserMixin.parseExprSubscripts (S:\hackthon project\node_modules\@babel\parser\lib\index.js:11107:23)
      at JSXParserMixin.parseUpdate (S:\hackthon project\node_modules\@babel\parser\lib\index.js:11092:21)
      at JSXParserMixin.parseMaybeUnary (S:\hackthon project\node_modules\@babel\parser\lib\index.js:11072:23)
      at JSXParserMixin.parseMaybeUnaryOrPrivate (S:\hackthon project\node_modules\@babel\parser\lib\index.js:10925:61)
      at JSXParserMixin.parseExprOps (S:\hackthon project\node_modules\@babel\parser\lib\index.js:10930:23)
      at JSXParserMixin.parseMaybeConditional (S:\hackthon project\node_modules\@babel\parser\lib\index.js:10907:23)
      at JSXParserMixin.parseMaybeAssign (S:\hackthon project\node_modules\@babel\parser\lib\index.js:10857:21)
      at S:\hackthon project\node_modules\@babel\parser\lib\index.js:10826:39
      at JSXParserMixin.allowInAnd (S:\hackthon project\node_modules\@babel\parser\lib\index.js:12460:12)
      at JSXParserMixin.parseMaybeAssignAllowIn (S:\hackthon project\node_modules\@babel\parser\lib\index.js:10826:17)
      at JSXParserMixin.parseMaybeAssignAllowInOrVoidPattern (S:\hackthon project\node_modules\@babel\parser\lib\index.js:12527:17)
      at JSXParserMixin.parseParenAndDistinguishExpression (S:\hackthon project\node_modules\@babel\parser\lib\index.js:11706:28)
      at JSXParserMixin.parseExprAtom (S:\hackthon project\node_modules\@babel\parser\lib\index.js:11362:23)
      at JSXParserMixin.parseExprAtom (S:\hackthon project\node_modules\@babel\parser\lib\index.js:4782:20)
      at JSXParserMixin.parseExprSubscripts (S:\hackthon project\node_modules\@babel\parser\lib\index.js:11107:23)
      at JSXParserMixin.parseUpdate (S:\hackthon project\node_modules\@babel\parser\lib\index.js:11092:21)
      at JSXParserMixin.parseMaybeUnary (S:\hackthon project\node_modules\@babel\parser\lib\index.js:11072:23)
      at JSXParserMixin.parseMaybeUnaryOrPrivate (S:\hackthon project\node_modules\@babel\parser\lib\index.js:10925:61)
      at JSXParserMixin.parseExprOps (S:\hackthon project\node_modules\@babel\parser\lib\index.js:10930:23)
      at JSXParserMixin.parseMaybeConditional (S:\hackthon project\node_modules\@babel\parser\lib\index.js:10907:23)
      at JSXParserMixin.parseMaybeAssign (S:\hackthon project\node_modules\@babel\parser\lib\index.js:10857:21)
      at JSXParserMixin.parseFunctionBody (S:\hackthon project\node_modules\@babel\parser\lib\index.js:12127:24)
      at JSXParserMixin.parseArrowExpression (S:\hackthon project\node_modules\@babel\parser\lib\index.js:12109:10)
      at JSXParserMixin.parseParenAndDistinguishExpression (S:\hackthon project\node_modules\@babel\parser\lib\index.js:11718:12)
      at JSXParserMixin.parseExprAtom (S:\hackthon project\node_modules\@babel\parser\lib\index.js:11362:23)
      at JSXParserMixin.parseExprAtom (S:\hackthon project\node_modules\@babel\parser\lib\index.js:4782:20)
      at JSXParserMixin.parseExprSubscripts (S:\hackthon project\node_modules\@babel\parser\lib\index.js:11107:23)
      at JSXParserMixin.parseUpdate (S:\hackthon project\node_modules\@babel\parser\lib\index.js:11092:21)
      at JSXParserMixin.parseMaybeUnary (S:\hackthon project\node_modules\@babel\parser\lib\index.js:11072:23)
      at JSXParserMixin.parseMaybeUnaryOrPrivate (S:\hackthon project\node_modules\@babel\parser\lib\index.js:10925:61)
      at JSXParserMixin.parseExprOps (S:\hackthon project\node_modules\@babel\parser\lib\index.js:10930:23)
      at JSXParserMixin.parseMaybeConditional (S:\hackthon project\node_modules\@babel\parser\lib\index.js:10907:23)
      at JSXParserMixin.parseMaybeAssign (S:\hackthon project\node_modules\@babel\parser\lib\index.js:10857:21)
      at S:\hackthon project\node_modules\@babel\parser\lib\index.js:10826:39
      at JSXParserMixin.allowInAnd (S:\hackthon project\node_modules\@babel\parser\lib\index.js:12455:16)
      at JSXParserMixin.parseMaybeAssignAllowIn (S:\hackthon project\node_modules\@babel\parser\lib\index.js:10826:17)
      at JSXParserMixin.parseVar (S:\hackthon project\node_modules\@babel\parser\lib\index.js:13418:91)
      at JSXParserMixin.parseVarStatement (S:\hackthon project\node_modules\@babel\parser\lib\index.js:13264:10)
      at JSXParserMixin.parseStatementContent (S:\hackthon project\node_modules\@babel\parser\lib\index.js:12885:23)
      at JSXParserMixin.parseStatementLike (S:\hackthon project\node_modules\@babel\parser\lib\index.js:12801:17)
      at JSXParserMixin.parseModuleItem (S:\hackthon project\node_modules\@babel\parser\lib\index.js:12778:17)
      at JSXParserMixin.parseBlockOrModuleBlockBody (S:\hackthon project\node_modules\@babel\parser\lib\index.js:13350:36)
